node : node:internal/mo
dules/cjs/loader:1459
At line:1 char:1
+ node verify.js > 
test_output.txt 2>&1
+ ~~~~~~~~~~~~~~~~~~~~~
~~~~~~~~~~~~~~~~
    + CategoryInfo     
         : NotSpecifi  
  ed: (node:internal   
 /modules/cjs/loade    
r:1459:String) [],     
RemoteException
    + FullyQualifiedEr 
   rorId : NativeComm  
  andError
 
  throw err;
  ^

Error: Cannot find 
module 'express'
Require stack:
- C:\Users\creat\Downlo
ads\DeskTrack\backend\s
rc\app.js
- C:\Users\creat\Downlo
ads\DeskTrack\backend\v
erify.js
    at Module._resolveF
ilename (node:internal/
modules/cjs/loader:1456
:15)
    at 
defaultResolveImpl (nod
e:internal/modules/cjs/
loader:1066:19)
    at 
resolveForCJSWithHooks 
(node:internal/modules/
cjs/loader:1071:22)
    at Module._load (no
de:internal/modules/cjs
/loader:1242:25)
    at wrapModuleLoad (
node:internal/modules/c
js/loader:255:19)
    at Module.require (
node:internal/modules/c
js/loader:1556:12)
    at require (node:in
ternal/modules/helpers:
152:16)
    at 
Object.<anonymous> (C:\
Users\creat\Downloads\D
eskTrack\backend\src\ap
p.js:1:17)
    at Module._compile 
(node:internal/modules/
cjs/loader:1812:14)
    at Object..js (node
:internal/modules/cjs/l
oader:1943:10) {
  code: 
'MODULE_NOT_FOUND',
  requireStack: [
    'C:\\Users\\creat\\
Downloads\\DeskTrack\\b
ackend\\src\\app.js',
    'C:\\Users\\creat\\
Downloads\\DeskTrack\\b
ackend\\verify.js'
  ]
}

Node.js v24.14.0
